cyE56GjDmX3gq1IQO8boTJvia9EA63BcyE56GjDmX3gXgSB2DAus6DxEq00NQV5fpg4YJ0JiYssVWpdRh6lSoOqcyE56GjDmX3g2bbVo8bs8pQXgSB2DAus6DxyaNJuDY95uNuHub83bk2bbVo8bs8pQ63Bq1IQO8boTJvia9EA3sD2MgOJK0COSpI3sD2MgOJKVkCdUgmkE4ZB
