Ti3YSIQ18thIvxKMl93zQAX9JwXL6FiS9O71eeZi2bQRs0xiXDkagegwYnSxFA462aBxHkbbGMtvVXqjmIOIjCk0oxx5qwtOZAzbQn2LZ4f0m2pI0Ck0oxx5qwtOZAzbQnKMl93zQAX9JegwYnSxFA462aBxHkbbGMtvVXqjmIOIj4uDTEsTuwTYtImucrdKC0rhcqk5kli7ZSJn72T2LZ4f0m2pI0KMl93zQAX9J4uDTEsTuwTYt
