CS473CS473CS473CS473CS473CS473CS473CS473CS473CS473CS473CS473CS473CS473CS473CS473CS473CS473CS473CS473CS473CS473CS473CS473CS473CS473CS473CS473CS473CS473CS473CS473CS473CS473CS473CS473CS473CS473CS473CS473CS473CS473CS473CS473CS473CS473CS473CS473CS473CS473CS473CS473CS473CS473CS473CS473CS473CS473CS473CS473CS473CS473CS473CS473CS473CS473CS473CS473CS473CS473CS473CS473CS473CS473CS473CS473CS473CS473CS473CS473CS473CS473CS473CS473CS473CS473CS473CS473CS473CS473CS473CS473CS473CS473CS473CS473CS473CS473CS473CS473CS473CS473CS473CS473CS473CS473CS473CS473CS473CS473CS473CS473CS473CS473CS473CS473CS473CS473CS473CS473CS473CS473CS473CS473CS473CS473CS473CS473CS473CS473CS473CS473CS473CS473CS473CS473CS473CS473CS473CS473CS473CS473CS473CS473CS473CS473CS473CS473CS473CS473CS473CS473CS473CS473CS473CS473CS473CS473CS473CS473CS473CS473CS473CS473CS473CS473CS473CS473CS473CS473CS473CS473CS473CS473CS473CS473CS473CS473CS473CS473CS473CS473CS473CS473CS473CS473CS473CS473CS473CS473CS473CS473CS473CS473CS473CS473CS473CS473CS473CS473
