((((((!(w69h6HE9HZcJg))*(XP))<(!("9yndM")))<=((E5KLuZkpoC)*(6)))||(("YMcqO2bHVgnNedy0w")^(((28089)*(47073))==((("Km9o51sYikMQH4u")>=("mr9gGcMayVWKdMrqWXtk"))>((biV3gqSz)*("shaKMGVEQKNczJ2sLYB8"))))))||(49495))
(((2848381)|((("w7s")-(974))^("b")))||((((((9535455)+(rTtB2FAuVxtREn87NZS))==(uKdYURhEo))^((("ZGlT337TtIS82zYZ")*("SGXQBrIeLgFuhFxr4M"))&("7VNogvb")))^(((9909893)+("RIxImwNVYi4"))<(9101015)))^(!(OyQdw))))
(((!(52927))==((145)*(56660)))||((Je6PKz8bR7f)>("l59FRp1v21WQQwJICaI")))
(((((!(43330))&(9))^(("SmQyqTkcerq6gtG7pW")<("BaPTkmAYhVI0OOR")))^((("w")<=("x0yh6WNAn0tvfDu"))>=("9IgNKS9uqlq2m")))^((HZ)+(39994)))
((((((((YbV7ji8BpkIxH0XX)^(232724))|((jcC1UirCwfo6F)^(((J2GVW)<(3797577))<>(ZF9WDuEJm76y7YXAPt))))&&((("CPypbmm7bzSYSCG9WoI")>(!(Rkwi4iDnwdz7TWK6r)))==("Fyw7x8LH8dPi")))&&(OFRgMokf6qvLI3RVT))||(("wuI7Ngr")+(291)))||(Z7))||("I7F2YFP5Y4Ba7Vy0KY27"))
(((((JXKFRE)<>(OQSjGv))|((("R1zTPv053aDnkIBkTgBY")-(zqM))>=("sii9d0M7Byl5J1")))&&((("vTbN0Rfk0BGUN6sKL")==("fE6WOH7u"))<>(4)))&&((!("V5vQnYM"))<>(((mhui)*("I4iruGzxRaYUOzGwPz"))-(AuXSqfp))))
("WvE2az8LfI")
(((312)<((jN)-(9616869)))||(("3")|((dhwGIgNBjWR)^(("Q")==((667)-(256))))))
((("M")<=(3))||(((((((AvVk4u)%("MyKbw5N6WtUQrpIvhU"))%("AGr7"))%("QLuhc4rcxbykHIGN"))>(wTy1tP5TrkDy9I))<(8979590))==("GhLJV9yFTXC62z")))
((((("LwanS")%("uZQX8vgIA8QPr"))>=("hWbE7"))||((1626067)^(((0)*(190))%(747))))||((((("1ge9oleTnjeUD5YpxBgS")-(gs))-("4TDMf6K39De9Q"))^((42)>(LJ8bEvyYf1EwEiSw)))|((("iwb")-(3))>=(QBnpvCchBE9FvAQ))))
(((((pPwsrEsQ)<=(("A5UfEj")-(("htWgG")%("oYd62R"))))&(!(llZiu)))&&(AEObDZdJ34T8L8ycq9sH))||(((1)^("X8rFXYhOdL"))^(((((4525158)<>((("xyKtHUg")%("WK2"))>=(782)))==(88183))==(4))<>("hkq9"))))
(((((((!(391))+(41313))<=((M7SlFdQifPwM1aec6W)%(GB16F3t3Galdpcr3q4)))<("opFflINF"))<>(("mR")<=((("aFuKfocKJDVcY")+(wNxJUBiw))+("xjlWffMS3qrlf2zirW"))))^((0)<=(cqvM8N7)))^(28884))
((((!("FHQD7xMn62T7"))^((Y6f)<>(((85651)+(61410))>(M4CPKHcVkFdqNG72Sg))))||((((614)<("nmzgeE6rigL3vHvRnD"))<("JTLvdjBczjx2KFRIwRR"))>(18083)))||(2474842))
(((55452)-("H2vyMpm2aq0YLN"))||((("wpkIG2hMPhYx8w")|(((("4LlQYYVpv")==(NAxJVgWW0kzJmX))&("2dxReASmgic"))^(((("7t1jPhXKFIsk")<(NZts7zPuiZs4JYSyi))>=(!(521)))<>(56))))&&("mydAt")))
(((Xl)|((((3929695)+(627))==(("KJWWLQjYLKO7CO")>=(448)))&((((4)+(cd4cmzeXuLM))<(5292126))>((4)-(!("R5pTa3rEjfCl8P"))))))||((FWUe7O7VjmP)^(gNaFM7NgPyrD)))
((((rODw8YHHMuagrpS3Zb)<=(ATjtNU2cV7hC))<=("ZH2k5zdVtBPNaKL3"))|(((("5VGBO")<=(!("WJPE9Mwl")))<=("T4"))^(((56667)%(8232429))==(((0)+(547))<=((!(fLJh581MvsYg5kdk))-((VSHSA42umiH9)%("vf57c8")))))))
((!(nfmFEp))||((((pwa)>((3191218)-(259)))^((uxvqgpjAytkWi9X)&(vzAb7HyjkO)))^(INRXAbIJGPY97xzxHXX3O)))
(((((!(1232029))*(967))||("5Qb3aXNswO2km7slUw"))||((((XUUPX)+(qwNiCWKl86vhH7pBHlpRC))-(21210))==(((PoS9ZP)>((ZzLgyvjhH38nhX7D5y)-("RLdiPzOmZLPdwnhWJemO")))>((roBhEHkdm)*(NA1wNt3kXzhhTjHEEyoB)))))||(cy0o0a))
((((((("9Q2")*("nFtOziT"))-("BCjW1GpuyTUs"))+("qo"))>(egVpI))^((((((((4434644)%("AXVEhB"))-((("kQxvHfpzE6")*(SNbXVROYnK6lZBEXxQj))%(1)))>=(0))>(z1ibp))<(AFyhK))>(dn6tC9uOUraFyM))<=("IKOqHXZ7b28deLYnt")))^("1FziALS"))
(((yNsIgAL0)&&((29292)|(1)))&&(((((((("MCHZ3bBVMBlhVh7evnT")-("Ua"))+(7))+(vgXwTAlHSdv2gJETDR))>("DFoIYEg"))<("WYUi8iyq3i8"))<>((((("GUqnR9Divq3")*(Ao03uBR))+(58185))>(7))>(8)))|(kyBot02WHqDflr6uFRkMh)))
((((YrEhWHvinvtZx)>((Ns)-(bxuPvHgG2KvKzvc)))&&((snFoxSCy3SK)|((((((399)<(31410))<((53434)+(117)))>(xA3bQZgdSAw9yU))<>("PMTwhXgZZSdmfB1w8iT"))^("f06wQzJx5sUjCxzGKn"))))&&(((("uqcqzRbM5LXYut")<("Ohxxn8"))>(Gft3JWj3CZP103aRnO))>("Ue1hB18lteCDyVf")))
((((V595r7xZiQRxOymjgEzmL)|("ppfswY4nO1"))&&(((!(QOq9V6ibpGHB))==(("1p")<=(((WPyILZqg5l1)%("CaHI0oCNDLGy"))%(199))))^("SoVH4eyck6qtSZPtkbnx")))&&((((a2tQ)>(Vgx4YP))==((((2)<=("bHQhAMqar1F19CwFR"))>(RmGkZkwGYe))>=(2)))&(hkwjBt9NLxJNwz)))
(((!(4111318))>=("AVPliPCzIP03bmoMOAXO"))||((((("HMp6w")>(k3Gmte8JWnr))&((82421)<>((621)-("nxAGOd7uvTeOZ95OWmyZ"))))^((CTup1pZlT48y00qUE)<=((4)*("4GXxCf899qP4Y"))))^((((B6HP)>=(AbXYGmN))<(73234))&(xW9k))))
((((((((((oP5hYgH1pq)<=(anEu4K0vTZa8KAeCuB5))<(4))<>(wEZbBFUm5Kg17))^(3979891))|(((("aX")-("dXCg1ZV53sFlnpZGeQ"))<>(SZV))&(ZtMHQUH39Ve)))|(sPWUecqB9ib))&&(7))||(WM))||((4)<(("Q7cc2UD")*("s7M4bkmfTBMH"))))
(((("vsCLcV50Eh5Z")%(r2kpfnm9s2oiYVFRIiSLb))|(((((((SvxZslx59xCWFfMAgWX)+(4616560))>=(1666362))>("R1o98kZpAsTU"))<((414140)-("eLi8qyA")))>(53636))^(1)))||((jEpm)&&(("oOyH5n2Uv47")<((!("yCoFlUXVaBG"))+("Gd7GD6n8PZfkZJZNk")))))
(((2)^((((1747673)%(EOovdL))>(45156))<>((((98580)<=(482))<=((197)-("zIpPGv3CXTK6gK2Rrzb")))<=(471))))||((!(3424046))&((9)-("z2Nys"))))
(((!(8303134))-(1484442))||((((LMrf)>(!(ISEpqXxnWG)))&(((("h3")-("gkFKF9cFTvcs"))<(!("ZATKDwOA5")))==(158)))&&(("yLJxD4kNnKEvuFJkB8q")|(("BGpamcDdrEPQTcth4z5")<((vHOVNm)*(36365))))))
(((((N47bkkS4Vs)<>((((dnC6TrU5NnJ)<("L5PYX5HJ7ba"))<("IOLMorv9i5l"))>=("ZheKJT")))<>(426))&&(((139)==((gICtlJ)-("ER3Bq7RQBgwEvGYH0")))&((1)<>((tDMEO5LGx)-("qRmPwinxJU9")))))&&(((uBtfx)<("VPbyAl"))==((898)<=("s"))))
(((((("Jz7")==("58JaOIuCYmUIe5PadS9u"))^(365))&&((((9222422)*(E4cefKhxtrtW2bVrAr))==((4)+(3969291)))|("zmsxkHiRCfq9V2")))&&((((76965)<=(HrR6xttLlGt28))|(((9)*(PuKJ7jctoHJocDw))<=(fdkNm416nJo1OG)))|(PxDLeuv)))||((wRDl5)^("TuSx")))
(!("7ZW6kgYpCw"))
(((((("FG4wWM6zvv9OjXzB")>("g85V4g6EQOQ15AVfHj"))<(!("5NHommvbEZhk")))<(!(WN2)))^(("eMItspIXyNht5LAi8")%(4)))&&(((6)<>(guMRn))^((uhYR)>=(("qdCQOTH")-(J1DGlTQhe3cS7HC0xD)))))
((((9)|(((3)>=(41610))&(!("KzLjdlHyJoICDb4i"))))|(((3)<(V7YBRDnK44dei))<=(2526)))|(((("sv")&(9))^((("vjTmcV8Kb")<("M2A2Ejv5tbeBGKO9IT7"))<(Dq6emynK26)))^(dviKXnz9QFtQ0ySfy)))
(0)
(((("9dbmvfCzbY9")^((("upVHUU72HeajYiM")>((860)-(FI2bsI)))>=((EI08c91u5QDR)-("tSQoFlKmav5R2gOUlz"))))^(((cV0Y)<("b7"))&(AJ37f1jctyBbuvGe9S)))|((((("x5zYZw")>(23336))>=(((4)-(HfqoiHjrpEYlWzM))-(Ap4vUmxZFb5hN0)))>("Kw21G816gGLx"))<=("WpFJRxHZU")))
((((((d3nKCPYuuysx)>("SLoz9W5JddV"))||(IDC0mc))||(((4)>((aAd)+(u0XB)))==(hjv4Jux2)))||(((Hgyi6HYM6fRbmhm)+("cEkTGwiy9"))<(rn9ig4QY7fyDZKp)))||(("JqMw3xveNlFF9HTInF")<=(7)))
(((((((!(334))<(pDr8PG))<(OwPc8dKkuPKAVf))>=((CoyJ)-("D1PbRZYecCJzOJ1L3")))>(9))==(y5KkGxpYCNHU62))&((("pUuArcc")<(9))==((((((165)+(579))+(zsOwjILyAuEF))>(8))>=(7))<=("hQAz3q"))))
(((((5)>=("dUwNgE3X"))<(vx))<>("sm4DA"))||((((((192)*(b5e3X2mqXT))<("lh2jnymIm1D"))<=(z37A))&(YEGhviUYv))&&(((2)+("RxKzM"))|(BTiQO))))
(((((((lFVvG7YUzJpA)<>(wHI21CB))|(2737976))|("qSbcRv2"))&&(((346)&(("ThnVWUEJDS4lD")==(t5OBZzv)))|("fS3r6i3AdieVk")))&&("cvGPN"))||(((("S32wfhE0UzL")%("R"))==(((uHhIUZnIV1aSg)*(24745))>(lu0PHAgfuzDyi24tRX2u)))&&((573)&("UkDakgFwgQ"))))
((((MZut)<("gEp"))&&(((98480)%(3))^(91910)))||((((((hxUC9DqwBSlPUz)>(44948))<(Vg64zNTlp3d0e))^((CluVYCMH4u3y)>(zp)))^(((460)>=(dI9IfTUoeybz3O7x5yl))<>(HjqYTuFNs)))|((wPKZ4qkvZA0B4cVDwJW9a)&(!(CICoDC)))))
((((((tlgjQkxkJK4qlMsnArh70)>=(7121712))<(9747275))&(1282725))^("v"))|(((!(5))>(rDuFumfEVp3dZ2ZqNUdzG))&((7242524)<>(("YUu6khBHMN")<(((5)*(9474841))%(0))))))
(((("fAvunvWPcpEF7W")<>((bW4bAUCiM9wdstZ)-(5535157)))<>((487)<((ESK6)-(Tnzas))))||(((((55458)>((xbFdX6nSAEciKAc)-("3J0XN8G3")))>("Ls9oGVnlBjK"))<>((DEs3GP946i)<((("GZDjXd0cOw8uk")+(8))-("KT4nuBbJ6WQ"))))|("dOCUAdnxe9FBXwE7ec")))
(((!(bw0xkOAG6HdHCs0ohku))^(46961))||(((((((220)>("RQy71DHgYX0Q"))<(Z9UmxmDtKm))<(n7Xr))<=(hfYrvPYLBD5p))==((nG)+(("m8CNZ8YIua8NB3xQ8")*("1P"))))^((37671)<=(9))))
(((SOqfw0ALr)-(("BVgLo8St8yB")%(Q5nV)))&&(((2)==((bUgMRqwQ1t)<((kHWW)-(O2t))))|((VUenLvczIkRUWTqViVDk)&("uRGOJNWZKvcgH04bM9z"))))

