109108981079787106968676105958575651049484746454103938373635343102928272625242321019181716151413121
