Function declared "f1" returns int
	Argument "argument" type int position 0
Function declared "f2" returns void
	Local variable "v" type int position 0
Function called "f1" returns int
