Function declared "f2" returns void
Function called "f2" returns void
