Function declared "f1" returns int
	Argument "a1" type int position 0
	Local variable "a2" type int position 1
Argument/local read "a1" type int frame position 0
Argument/local read "a2" type int frame position 1
Function called "f1" returns int
