Variable declared "variable" type int
Variable written "variable" type int
Variable read "variable" type int
