Variable declared "variable" type string
Variable written "variable" type string
