5950 5850 5750 5650 5550 5450 5350 5250 5150 5050 
