((a)<>(0))
((a)+(b))
((a)<>(0))
(10)
(1)
(a)
(1)
(b)
(2)
(c)
(3)
(4)

