((a)<>(0))
((a)==(1))
(1)
(0)
((a)<>(1))
(a)
(b)

