m: 0 n: 0 => 1        m: 0 n: 1 => 2        m: 0 n: 2 => 3        m: 0 n: 3 => 4        m: 1 n: 0 => 2        m: 1 n: 1 => 3        m: 1 n: 2 => 4        m: 1 n: 3 => 5        m: 2 n: 0 => 3        m: 2 n: 1 => 5        m: 2 n: 2 => 7        m: 2 n: 3 => 9        m: 3 n: 0 => 5        m: 3 n: 1 => 13        m: 3 n: 2 => 29        m: 3 n: 3 => 61        
