120 3628800 120 3628800 120 3628800 120 3628800 120 3628800 120 3628800 120 3628800 120 3628800 120 3628800 120 3628800 
