0 1 2 6 24 120 720 5040 40320 362880 3628800 39916800 479001600 1932053504 1278945280 
