(3935388)
(9535985)
(9535985)
(4888807)
(9232923)
(9232923)
(9602237)
(9602237)
(3251510)
(1680588)
(1680588)
(3825847)
(696082)
(5364609)
(1068096)
(1068096)
(2904711)
(2829862)
(2553238)
(7451660)
(7451660)
(5573677)
(2378447)
(8550385)
(9657404)
(9657404)
(7599672)
(7599672)
(6915841)
(1201399)
(1201399)
(9800537)
(9800537)
(9760121)
(9760121)
(1469487)
(1469487)
(1728781)
(1728781)
(7034077)
(7034077)
(9537836)
(9537836)
(369156)
(65990957)
(2752823)
(5904122)
(5543518)
(7744084)
(7744084)
(5520173)
(4914176)
(5207690)
(254915)
(937353)
(937353)
(76780194)
(76780194)
(8871163)
(8960451)
(2718878)
(6083811)
(9031148)
(9031148)
(1846729)
(1846729)
(9506452)
(9506452)
(3198971)
(3019503)
(8824649)
(4369575)
(8373847)
(6261978)
(2177314)
(8149875)
(4293729)
(2761083)
(4027483)
(968228)
(968228)
(4296303)
(5845462)
(1481587)
(1481587)
(3049457)
(683395)
(4637809)
(4839757)
(2024227)
(942083)
(942083)
(342952)
(34553246)
(4687892)
(4025224)
(4113304)
(6932260)
(5615492)
(5891505)
(8972217)
(4055767)
(7216400)
(7216400)
(6990076)
(7836667)
(7836667)
(4100003)
(3913801)
(2109883)
(4656486)
(4003047)
(4769930)
(9995422)
(9995422)
(610589)
(74277158)
(74277158)
(6946434)
(9489084)
(9489084)
(2146125)
(2742552)
(6600885)
(2165188)
(5279641)
(1296383)
(1296383)
(341115)
(48884894)
(2830435)
(3508973)
(5634205)
(7034950)
(7034950)
(2644389)
(8381526)
(5415320)
(9600503)
(9600503)
(6312601)
(6529464)
(3380205)
(3837681)
(3698526)
(2292200)
(7266296)
(7266296)
(5786532)
(2265360)
(580884)
(923649)
(923649)
(49278001)
(4814064)
(2399927)
(970128)
(970128)
(6370786)
(4440517)
(8450034)
(3746200)
(5153988)
(228446)
(24511918)
(6243334)
(49509)
(6814554)
(7752224)
(7752224)
(6790593)
(5936771)
(8776697)
(2343988)
(8000903)
(4306597)
(3539083)
(6729917)
(7757178)
(7757178)
(4766546)
(8724189)
(8932869)
(2066932)
(6752361)
(756733)
(756733)
(77265714)
(77265714)
(3357352)
(5031181)
(1218530)
(1218530)
(1308075)
(1308075)
(8827008)
(9545958)
(9545958)
(5563184)
(8027736)
(878753)
(49132429)
(4864020)
(2745457)
(9543258)
(9543258)
(2063302)
(6068363)
(3840816)
(8275799)
(8360589)
(1943086)
(1943086)
(8701319)
(5129580)
(6875035)
(2619317)
(3397870)
(6470980)
(8468160)
(9593558)
(9593558)
(9143397)
(9143397)
(736743)
(736743)
(3336)
(5496)
(9296146)
(9296146)
(4073025)
(165692)
(165692)
(4954366)
(458322)
(9337708)
(9337708)
(353542)
(9346651)
(9346651)
(548655)
(76196763)
(76196763)
(7456760)
(7456760)
(9424365)
(9424365)
(8660412)
(6924764)
(7722709)
(7722709)
(6742454)
(6269760)
(7719549)
(7719549)
(302600)
(22185149)
(2791980)
(9470240)
(9470240)
(1229333)
(1229333)
(5180706)
(2016921)
(6302430)
(606820)
(147963)
(147963)
(805529)
(4255495)
(3313960)
(2262896)
(3527992)
(890434)
(5294520)
(6591809)
(5174173)
(8946585)
(449492)
(16605224)
(16605224)
(7495653)
(7495653)
(9320709)
(9320709)
(1865499)
(1865499)
(3585282)
(4782078)
(21163)
(5373977)
(8837347)
(818203)
(1242146)
(1242146)
(4535186)
(5987770)
(1111385)
(1111385)
(2533640)
(4218885)
(2870470)
(5455784)
(9850228)
(9850228)
(9818354)
(9818354)
(3722438)
(8065751)
(4029070)
(1971607)
(1971607)
(609503)
(2872069)
(5225401)
(5601318)
(906891)
(906891)
(884794)
(6287233)
(5038485)
(9719681)
(9719681)
(3514038)
(5412806)
(6559161)
(7100962)
(7100962)
(6725125)
(4483818)
(341746)
(81472471)
(4795061)
(7809722)
(7809722)
(243315)
(7482982)
(7482982)
(179393)
(179393)
(7105529)
(7105529)
(4112145)
(9562142)
(9562142)
(6787115)
(5469316)
(9342364)
(9342364)
(9281164)
(9281164)
(7516137)
(7516137)
(938386)
(938386)
(3882056)
(109760)
(109760)
(8967198)
(1116139)
(1116139)
(487156)
(87589153)
(5404432)
(5080580)
(729077)
(729077)
(7881285)
(7881285)
(9753162)
(9753162)
(9100390)
(9100390)
(349316)
(1041781)
(1041781)
(115350)
(115350)
(77268723)
(77268723)
(7420876)
(7420876)
(4001310)
(2933694)
(3462408)
(3106925)
(1546325)
(1546325)
(7495220)
(7495220)
(1984808)
(1984808)
(948627)
(948627)
(5967175)
(6318150)
(7189646)
(7189646)
(3828709)
(8581494)
(5202750)
(5099728)
(99576)
(99576)
(3814553)
(536397)
(293997)
(4004849)
(3178869)
(4917978)
(2906741)
(3361039)
(7660898)
(7660898)
(7388370)
(7388370)
(4562200)
(241643)
(89002472)
(6156155)
(3492224)
(4915146)
(6011963)
(3206930)
(136248)
(136248)
(3797884)
(7834639)
(7834639)
(127208)
(127208)
(6581050)
(713407)
(713407)
(6962132)
(8074730)
(7295233)
(7295233)
(6330346)
(8747990)
(709307)
(709307)
(6519819)
(888244)
(28036663)
(7808155)
(7808155)
(8708926)
(2714470)
(7468425)
(7468425)
(212756)
(3022767)
(9085013)
(9085013)
(3325983)
(744933)
(744933)
(45297160)
(4498795)
(7421787)
(7421787)
(7376419)
(7376419)
(9586248)
(9586248)
(2291102)
(3376561)
(4378470)
(5262516)
(472946)
(76255160)
(76255160)
(354069)
(8084999)
(4385390)
(1692118)
(1692118)
(360440)
(6657876)
(1639130)
(1639130)
(2250464)
(613563)
(3688380)
(8259545)
(2123458)
(8980669)
(6800509)
(6071672)
(2565924)
(8223270)
(1927492)
(1927492)
(510688)
(3175661)
(8194967)
(507602)
(597822)
(7753814)
(7753814)
(5416663)
(2249251)
(5565471)
(2698539)
(221452)
(3113907)
(4718723)
(4216364)
(288179)
(5405527)
(3456144)
(9903971)
(9903971)
(3638390)
(5576968)
(982041)
(982041)
(16275403)
(16275403)
(7957949)
(7957949)
(3884620)
(3306455)
(6123867)
(2041030)
(2148018)
(9587935)
(9587935)
(5375644)
(813219)
(46745424)
(5339423)
(1631352)
(1631352)
(9080086)
(9080086)
(9100388)
(9100388)
(857149)
(6812832)
(7492641)
(7492641)
(2773171)
(188457)
(188457)
(8084818)
(8313601)
(8088356)
(5519645)
(4024070)
(9400360)
(9400360)
(9314774)
(9314774)
(473946)
(1302072)
(1302072)
(816438)
(49058079)
(8197997)
(7167646)
(7167646)
(8031516)
(6420062)
(4112887)
(5446402)
(6187814)
(4454266)
(554328)
(15387200)
(15387200)
(3895304)
(5284617)
(4676439)
(8052478)
(7748507)
(7748507)
(5189407)
(6110658)
(4194375)
(648056)
(93067214)
(93067214)
(7290362)
(7290362)
(8061646)
(7413747)
(7413747)
(3133773)
(2002057)
(2559181)
(4636080)
(4016071)
(434108)
(2847740)
(1080584)
(1080584)
(464682)
(1677957)
(1677957)
(5098402)
(6937866)
(6890502)
(75311)
(75311)
(336526)
(850564)
(39043101)
(5811657)
(8857200)
(3496997)
(2416574)
(6759204)
(2682)
(5260447)
(2656570)
(310472)
(59639869)
(3834886)
(6863397)
(3678999)
(7127330)
(7127330)
(4695754)
(4152504)
(8208814)
(2741713)
(331585)
(3789498)
(1136050)
(1136050)
(2587977)
(2365661)
(6743729)
(6851959)
(3049523)
(4145647)
(111526)
(111526)
(951579)
(951579)
(5149076)
(9853226)
(9853226)
(1040561)
(1040561)
(4815711)
(2456567)
(2750408)
(7536406)
(7536406)
(6640921)
(898982)
(523614)
(24578053)
(4765105)
(4697723)
(8898111)
(3501422)
(6029483)
(1401384)
(1401384)
(1926207)
(1926207)
(9090900)
(9090900)
(482404)
(77693448)
(77693448)
(8471543)
(6432908)
(8030159)
(2564593)
(6977763)
(3565355)
(7600979)
(7600979)
(9474830)
(9474830)
(917742)
(917742)
(33336668)
(6717746)
(6736263)
(440781)
(5141176)
(5356827)
(1017647)
(1017647)
(4256303)
(5791848)
(668955)
(81634924)
(5112740)
(409680)
(5108937)
(4284929)
(1265378)
(1265378)
(8256971)
(7695192)
(7695192)
(2792895)
(943004)
(943004)
(31100883)
(1606453)
(1606453)
(8150158)
(2933261)
(6840489)
(1536992)
(1536992)
(8433756)
(1728993)
(1728993)
(2291818)
(147386)
(147386)
(94838892)
(94838892)
(7412999)
(7412999)
(1418910)
(1418910)
(8976476)
(732043)
(732043)
(8578362)
(9991038)
(9991038)
(5772254)
(352185)
(930447)
(930447)
(35322271)
(6195818)
(4182929)
(9334689)
(9334689)
(7162824)
(7162824)
(9076225)
(9076225)
(8701183)
(9900488)
(9900488)
(926985)
(926985)
(797011)
(797011)
(43152920)
(8198448)
(6440655)
(6270360)
(8802100)
(687369)
(213838)
(1082712)
(1082712)
(3328477)
(522092)
(28193498)
(1615150)
(1615150)
(2322020)
(4668562)
(4110041)
(1711556)
(1711556)
(1454443)
(1454443)
(2357491)
(1516474)
(1516474)
(596084)
(3500604)
(678988)
(9216854)
(9216854)
(1319673)
(1319673)
(260490)
(9602453)
(9602453)
(6226483)
(8342598)
(1266050)
(1266050)
(477865)
(89852614)
(5391655)
(2070389)
(3167521)
(5595587)
(2626413)
(8435807)
(4228892)
(9245685)
(9245685)
(476482)
(66961863)
(9691905)
(9691905)
(1764331)
(1764331)
(3065619)
(7885443)
(7885443)
(1148746)
(1148746)
(8895259)
(2847112)
(329329)
(949020)
(949020)
(51637899)
(1293818)
(1293818)
(8094949)
(3850887)
(7900340)
(7900340)
(8071601)
(6200774)
(4179872)
(588887)
(807143)
(5136151)
(1620645)
(1620645)
(4769985)
(6762399)
(4304298)
(1807156)
(1807156)
(5132420)
(8722158)
(6890711)
(267148)
(23979447)
(9568922)
(9568922)
(2308273)
(2586458)
(1577280)
(1577280)
(4622082)
(3789359)
(7034852)
(7034852)
(2105561)
(245637)
(92172521)
(92172521)
(6704340)
(5782246)
(3833487)
(1943445)
(1943445)
(6540190)
(9931501)
(9931501)
(3535351)
(6884507)
(329261)
(84985994)
(1128793)
(1128793)
(7831787)
(7831787)
(8922644)
(3061639)
(4018373)
(8576282)
(6436954)
(342585)
(150760)
(150760)
(84970791)
(52741)
(9277483)
(9277483)
(6312242)
(8291252)
(9353669)
(9353669)
(6156527)
(7124613)
(7124613)
(9299050)
(9299050)
(273222)
(78795864)
(78795864)
(8665209)
(1413224)
(1413224)
(4950027)
(754528)
(754528)
(8643914)
(6997321)
(6567891)
(5187967)
(688648)
(51900754)
(5238400)
(3095608)
(2512433)
(9863082)
(9863082)
(380634)
(1581347)
(1581347)
(9513543)
(9513543)
(2547705)
(620615)
(19558536)
(19558536)
(9920049)
(9920049)
(8192391)
(2682086)
(9699449)
(9699449)
(5106347)
(4466575)
(5766375)
(2559981)
(972739)
(972739)
(49240125)
(6001229)
(8428939)
(6699111)
(8904368)
(2855296)
(3423126)
(1486184)
(1486184)
(9516746)
(9516746)
(729655)
(729655)
(2443375)
(4719983)
(4091095)
(9350691)
(9350691)
(7906041)
(7906041)
(9305828)
(9305828)
(4242959)
(2794115)
(9627513)
(9627513)
(622041)
(3295621)
(5270472)
(7764823)
(7764823)
(7284748)
(7284748)
(1596315)
(1596315)
(3153395)
(7416348)
(7416348)
(2000208)
(5514288)
(372109)
(78578383)
(78578383)
(5225722)
(7187629)
(7187629)
(3042047)
(1890787)
(1890787)
(7461963)
(7461963)
(4635314)
(5133465)
(6572489)
(521330)
(22603799)
(4894210)
(5504538)
(718455)
(718455)
(9873980)
(9873980)
(4918259)
(5984856)
(2715202)
(8032667)
(429839)
(15021655)
(15021655)
(3007967)
(1565300)
(1565300)
(2283355)
(1009163)
(1009163)
(3567500)
(4391649)
(4603872)
(7608223)
(7608223)
(619042)
(12860027)
(12860027)
(1538998)
(1538998)
(7274694)
(7274694)
(8516374)
(1127012)
(1127012)
(7816569)
(7816569)
(1155053)
(1155053)
(1279448)
(1279448)
(4008990)
(419806)
(1546546)
(1546546)
(7357192)
(7357192)
(8727556)
(3518544)
(6866119)
(851016)
(7375943)
(7375943)
(7982451)
(7982451)
(3684184)
(491039)
(6634929)
(3981841)
(5971202)
(5690733)
(5436259)
(458496)
(5607258)
(7450297)
(7450297)
(6934049)
(592446)
(9635176)
(9635176)
(6121120)
(4468673)
(3877986)
(5970986)
(5199280)
(5171586)
(7348619)
(7348619)
(3728138)
(656615)
(54360012)
(9948308)
(9948308)
(8952748)
(5320696)
(9931107)
(9931107)
(1312201)
(1312201)
(2639552)
(1212265)
(1212265)
(5942084)
(717037)
(717037)
(73617702)
(73617702)
(6448442)
(145141)
(145141)
(9466659)
(9466659)
(3208163)
(6843602)
(4308230)
(5340092)
(4897803)
(859867)
(68638292)
(8317483)
(2142211)
(1350849)
(1350849)
(5122174)
(4341241)
(1322474)
(1322474)
(3854096)
(997152)
(997152)
(768755)
(768755)
(4220181)
(5059193)
(8797314)
(5900464)
(479954)
(3453519)
(4374701)
(7841217)
(7841217)
(708297)
(708297)
(375070)
(98428770)
(98428770)
(4222522)
(7510687)
(7510687)
(7067571)
(7067571)
(5767713)
(625637)
(9092228)
(9092228)
(7618942)
(7618942)
(4698724)
(653571)
(71796720)
(71796720)
(9679526)
(9679526)
(77672)
(77672)
(1596330)
(1596330)
(3375788)
(4645110)
(6918717)
(3733942)
(8777573)
(289680)
(8870675)
(8746898)
(9045239)
(9045239)
(1626190)
(1626190)
(993925)
(993925)
(2931749)
(2631695)
(4088287)
(7679082)
(7679082)
(947476)
(947476)
(11096020)
(11096020)
(4119052)
(3195420)
(9224912)
(9224912)
(5199385)
(6697534)
(1456283)
(1456283)
(3420186)
(9576557)
(9576557)
(834423)
(66574537)
(7396163)
(7396163)
(9342669)
(9342669)
(2457039)
(7095742)
(7095742)
(443739)
(268572)
(8052641)
(1564)
(1564)
(424253)
(48450761)
(8550149)
(8264385)
(5088411)
(2130016)
(9911586)
(9911586)
(1445001)
(1445001)
(3262983)
(9056614)
(9056614)
(120426)
(120426)
(1513279)
(1513279)
(3387695)
(7470547)
(7470547)
(4989753)
(162665)
(162665)
(8748850)
(5689443)
(210923)
(204634)
(391207)
(113052)
(113052)
(8951029)
(2785077)
(8043524)
(6434970)
(8318059)
(6899267)
(5412815)
(3959627)
(443339)
(78353445)
(78353445)
(5529028)
(8659506)
(3725596)
(5569337)
(4695902)
(7953655)
(7953655)
(4132455)
(201367)
(711913)
(711913)
(37200929)
(3304349)
(4481023)
(3318809)
(6418473)
(5299135)
(8977356)
(4132768)
(6005150)
(383218)
(76371953)
(76371953)
(3087237)
(9792379)
(9792379)
(6441442)
(9705273)
(9705273)
(5516190)
(256419)
(4656532)
(6036209)
(143484)
(143484)
(5518585)
(2484816)
(434726)
(6692985)
(1540311)
(1540311)
(5854816)
(4580335)
(7250193)
(7250193)
(215772)
(734174)
(734174)
(72851781)
(72851781)
(7835099)
(7835099)
(3992754)
(1846585)
(1846585)
(3069237)
(5756010)
(3562074)
(5934892)
(8686749)
(814771)
(52056067)
(4252530)
(1871144)
(1871144)
(2466270)
(7615842)
(7615842)
(9653772)
(9653772)
(4020052)
(400763)
(3978461)
(302898)
(29148039)

