Function declared "fv" returns void
Function called "fv" returns void
