2553071949151255-120479-151192552-1-1-113311-1255-51315871
