144127-25756315-1-21-179352047937887-9217110-26625-49100-1
