Function declared "f1" returns int
	Local variable "i" type int position 0
Function called "f1" returns int
Function called "f1" returns int
