((a)+(b))
(d)
(e)
(f)
((1)+(a))
(g)
((c)+(d))
(zzz)

