((variable)+(anotherVariable))
((1)*(variable))
((b)%(473))
((variable)&&(variable))

