Function declared "f1" returns int
Function declared "f3" returns void
Function declared "f2" returns int
Function declared "f4" returns void
