Function declared "f1" returns int
Function declared "f2" returns void
