Variable declared "global" type int
Function declared "function" returns int
Variable read "global" type int
