Variable declared "f" type int
Function declared "f" returns int
